[2026-09-17T21:04:05Z] === ENRICH ITERATION 1 START | repo=testing-library/user-event sha=d42954be ===
[2026-09-17T21:04:05Z] [iter=1] PHASE START: enrich repo=testing-library/user-event sha=d42954be runlog=/home/runner/work/forx/forx/storage/aggregate/lsp/logs/d42954be-enrich-iter-001.log output=/home/runner/work/forx/forx/storage/aggregate/lsp/d42954be66484bcf78486a298cc37f8a7c9e4bea.nq.gz
[2026-09-17T21:04:31Z] [iter=1] Step 1: Loading AST into disk-backed store mem_mb=83 MB
[2026-09-17T21:04:34Z] [iter=1] AST store loaded triples=460000 load_secs=3 mem_mb=793 MB
[2026-09-17T21:04:34Z] [iter=1] Step 2: Finding LSP targets mem_mb=793 MB
[2026-09-17T21:04:35Z] [iter=1] LSP targets found call_sites=5182 imports=0 extends=5 implements=2 secs=1
[2026-09-17T21:04:35Z] [iter=1] Step 2.7: Building position index (one-shot, shared across resolvers) mem_mb=793 MB
[2026-09-17T21:04:37Z] [iter=1] Position index built positions=30559 nodes_with_types=36611 secs=2 mem_mb=793 MB
[2026-09-17T21:04:37Z] [iter=1] Step 3: Starting LSP resolution mem_mb=793 MB already_completed_types=[] already_completed_files=0
[2026-09-17T21:04:37Z] [iter=1] Resolving target type target_type=call_site count=5182
[2026-09-17T21:04:39Z] [iter=1] HEARTBEAT target_type=call_site elapsed_min=0.6 files_done=0 resolved=0 errors=0 current=src/document/UI.ts
[2026-09-17T21:05:12Z] [iter=1] HEARTBEAT target_type=call_site elapsed_min=1.1 files_done=4 resolved=20 errors=168 current=tests/_helpers/setup.ts
[2026-09-17T21:06:09Z] [iter=1] HEARTBEAT target_type=call_site elapsed_min=2.1 files_done=10 resolved=92 errors=477 current=tests/pointer/select.ts
[2026-09-17T21:06:47Z] [iter=1] HEARTBEAT target_type=call_site elapsed_min=2.7 files_done=12 resolved=176 errors=686 current=tests/clipboard/copy.ts
[2026-09-17T21:07:20Z] [iter=1] HEARTBEAT target_type=call_site elapsed_min=3.3 files_done=20 resolved=268 errors=858 current=src/event/focus.ts
[2026-09-17T21:08:08Z] [iter=1] HEARTBEAT target_type=call_site elapsed_min=4.0 files_done=24 resolved=278 errors=1115 current=tests/utils/pointer/cssPointerEvents.ts
[2026-09-17T21:08:59Z] [iter=1] HEARTBEAT target_type=call_site elapsed_min=4.9 files_done=30 resolved=351 errors=1393 current=src/event/selection/moveSelection.ts
[2026-09-17T21:09:42Z] [iter=1] HEARTBEAT target_type=call_site elapsed_min=5.6 files_done=38 resolved=384 errors=1623 current=tests/document/index.ts
[2026-09-17T21:10:12Z] [iter=1] HEARTBEAT target_type=call_site elapsed_min=6.1 files_done=40 resolved=414 errors=1790 current=tests/pointer/move.ts
[2026-09-17T21:10:54Z] [iter=1] HEARTBEAT target_type=call_site elapsed_min=6.8 files_done=45 resolved=468 errors=2013 current=tests/environment/select.ts
[2026-09-17T21:11:25Z] [iter=1] HEARTBEAT target_type=call_site elapsed_min=7.3 files_done=50 resolved=491 errors=2175 current=tests/setup/index.ts
[2026-09-17T21:11:57Z] [iter=1] HEARTBEAT target_type=call_site elapsed_min=7.9 files_done=59 resolved=575 errors=2344 current=tests/keyboard/parseKeyDef.ts
[2026-09-17T21:12:29Z] [iter=1] HEARTBEAT target_type=call_site elapsed_min=8.4 files_done=69 resolved=611 errors=2510 current=tests/convenience/hover.ts
[2026-09-17T21:13:00Z] [iter=1] HEARTBEAT target_type=call_site elapsed_min=8.9 files_done=81 resolved=684 errors=2671 current=tests/utils/edit/isContentEditable.ts
[2026-09-17T21:13:30Z] [iter=1] HEARTBEAT target_type=call_site elapsed_min=9.4 files_done=98 resolved=759 errors=2827 current=src/utils/misc/isElementType.ts
[2026-09-17T21:14:02Z] [iter=1] HEARTBEAT target_type=call_site elapsed_min=9.9 files_done=146 resolved=863 errors=2972 current=scripts/test.js
[2026-09-17T21:14:05Z] [iter=1] Target type resolved target_type=call_site resolved=874 errors=2988 secs=568 mem_mb=793 MB
[2026-09-17T21:14:05Z] [iter=1] Resolving target type target_type=extends_clause count=5
[2026-09-17T21:14:07Z] [iter=1] Target type resolved target_type=extends_clause resolved=5 errors=0 secs=2 mem_mb=793 MB
[2026-09-17T21:14:07Z] [iter=1] Resolving target type target_type=implements_clause count=2
[2026-09-17T21:14:08Z] [iter=1] Target type resolved target_type=implements_clause resolved=1 errors=0 secs=2 mem_mb=793 MB
[2026-09-17T21:14:15Z] [iter=1] Step 5: Writing final enrichment file triples=43512
[2026-09-17T21:14:15Z] [iter=1] Enrichment file written path=/home/runner/work/forx/forx/storage/aggregate/lsp/d42954be66484bcf78486a298cc37f8a7c9e4bea.nq.gz size_kb=875
[2026-09-17T21:14:15Z] [iter=1] PHASE END: enrich elapsed_s=610 elapsed_min=10.2 total_triples=43512
